<!DOCTYPE HTML>
<html
  ><head
    ><title
    >/</title
    ><link href="index.css" type="text/css" rel="stylesheet"
    /><link href="https://fonts.googleapis.com/css2?family=Fira+Code:wght@400;500;600;700&amp;family=Lato&amp;display=swap"
            type="text/css" rel="stylesheet"
    /><script src="index.js" type="text/javascript"
    /><meta charset="UTF-8"/></head
  ><body
    ><div class="nav-bar"
      ><img src="dhall-icon.svg" class="dhall-icon"
      /><p class="package-title"
      >test-package</p
      ><div class="nav-bar-content-divider"
      /><a id="switch-light-dark-mode" class="nav-option"
      >Switch Light/Dark Mode</a></div
    ><div class="main-container"
      ><h2 class="doc-title"
        ><span class="crumb-divider"
        >/</span
        ><a href="index.html"
        >test-package</a
        ><span class="crumb-divider"
        >/</span
        ><span href="index.html" class="title-crumb"/></h2
      ><a data-path="/" class="copy-to-clipboard"
        ><i
          ><small
          >Copy path to clipboard</small></i></a
      ><br
      /><h3
      >Exported files: </h3
      ><ul
        ><li
          ><a href="package.dhall.html"
          >package.dhall</a></li
        ><li
          ><a href="IndexesExample.dhall.html"
          >IndexesExample.dhall</a
          ><span class="of-type-token"
          >:</span
          ><span class="dhall-type source-code"
            ><pre
              ><span class="dhall-builtin"
              >Bool</span></pre></span></li
        ><li
          ><a href="InvalidMarkdown.dhall.html"
          >InvalidMarkdown.dhall</a></li
        ><li
          ><a href="MarkdownExample.dhall.html"
          >MarkdownExample.dhall</a></li
        ><li
          ><a href="Pair.dhall.html"
          >Pair.dhall</a
          ><span class="of-type-token"
          >:</span
          ><span class="dhall-type source-code"
            ><pre
              ><span class="dhall-syntax"
              >∀</span
              ><span class="dhall-syntax"
              >(</span
              ><span class="dhall-label"
              >A</span
              > <span class="dhall-syntax"
              >:</span
              > <span class="dhall-builtin"
              >Type</span
              ><span class="dhall-syntax"
              >)</span
              > <span class="dhall-syntax"
              >→</span
              > <span class="dhall-syntax"
              >∀</span
              ><span class="dhall-syntax"
              >(</span
              ><span class="dhall-label"
              >B</span
              > <span class="dhall-syntax"
              >:</span
              > <span class="dhall-builtin"
              >Type</span
              ><span class="dhall-syntax"
              >)</span
              > <span class="dhall-syntax"
              >→</span
              > <span class="dhall-builtin"
              >Type</span></pre></span></li></ul
      ><h3
      >Exported packages: </h3
      ><ul
        ><li
          ><a href="deep/nested/folder/index.html"
          >deep/nested/folder/</a></li
        ><li
          ><a href="a/index.html"
          >a/</a></li></ul></div></body></html>