<!DOCTYPE HTML>
<html
  ><head
    ><title
    >/package.dhall</title
    ><link href="index.css" type="text/css" rel="stylesheet"
    /><link href="https://fonts.googleapis.com/css2?family=Fira+Code:wght@400;500;600;700&amp;family=Lato&amp;display=swap"
            type="text/css" rel="stylesheet"
    /><script src="index.js" type="text/javascript"
    /><meta charset="UTF-8"/></head
  ><body
    ><div class="nav-bar"
      ><img src="dhall-icon.svg" class="dhall-icon"
      /><p class="package-title"
      >test-package</p
      ><div class="nav-bar-content-divider"
      /><a id="switch-light-dark-mode" class="nav-option"
      >Switch Light/Dark Mode</a></div
    ><div class="main-container"
      ><h2 class="doc-title"
        ><span class="crumb-divider"
        >/</span
        ><a href="index.html"
        >test-package</a
        ><span class="crumb-divider"
        >/</span
        ><span href="index.html" class="title-crumb"
        >package.dhall</span></h2
      ><a data-path="/package.dhall" class="copy-to-clipboard"
        ><i
          ><small
          >Copy path to clipboard</small></i></a
      ><br
      /><div class="doc-contents"
        ><p
        >This is your package entrypoint documentation</p>
</div
      ><h3
      >Source</h3
      ><div class="source-code"
        ><pre
          ><span class="dhall-syntax"
          >{</span
          > <span class="dhall-label"
          >Message</span
          > <span class="dhall-syntax"
          >=</span
          > ./Message.dhall<br
          /><span class="dhall-syntax"
          >,</span
          > <span class="dhall-label"
          >DeliveryStatus</span
          > <span class="dhall-syntax"
          >=</span
          > ./DeliveryStatus.dhall<br
          /><span class="dhall-syntax"
          >,</span
          > <span class="dhall-label"
          >Pair</span
          > <span class="dhall-syntax"
          >=</span
          > ./Pair.dhall<br
          /><span class="dhall-syntax"
          >}</span></pre></div></div></body></html>